🧪 EXÉCUTION DES TESTS UNITAIRES - MODULE BUDGET
════════════════════════════════════════════════════════════
Heure de début: 17/12/2025 14:20:33


📦 Budget - Normalisation des dates
──────────────────────────────────────────────────
✅ PASS: Journalier: devrait retourner la même date
✅ PASS: Mensuel: devrait retourner le 1er du mois
✅ PASS: Annuel: devrait retourner le 1er janvier
✅ PASS: Trimestriel: Q4 2025 devrait commencer au 1er octobre
✅ PASS: Semestriel (2e semestre): devrait commencer au 1er juillet
✅ PASS: Semestriel (1er semestre): devrait commencer au 1er janvier

📦 Budget - Calculs de pourcentages
──────────────────────────────────────────────────
✅ PASS: 25k dépensé sur 100k budget = 25%
✅ PASS: 180k dépensé sur 200k budget = 90%
✅ PASS: Dépassement: 55k sur 50k = 110%
✅ PASS: Budget zéro devrait retourner 0%
✅ PASS: Rien dépensé devrait retourner 0%

📦 Budget - Couleurs de statut
──────────────────────────────────────────────────
✅ PASS: 0-79% devrait être vert
✅ PASS: 80-100% devrait être orange
✅ PASS: >100% devrait être rouge

📦 Budget - Scénarios réels
──────────────────────────────────────────────────
✅ PASS: Scénario Nourriture: 100k budget, 25k dépensé
✅ PASS: Scénario Logement: 200k budget, 180k dépensé (alerte)
✅ PASS: Scénario Transport: Dépassement 55k/50k


════════════════════════════════════════════════════════════
📊 RÉSUMÉ DES TESTS
════════════════════════════════════════════════════════════
✅ Tests réussis: 17
❌ Tests échoués: 0
📈 Taux de réussite: 100.0%

🎉 TOUS LES TESTS ONT RÉUSSI !
════════════════════════════════════════════════════════════
Heure de fin: 17/12/2025 14:20:33
